OziExplorer Map Data File Version 2.2
Achentrias_059.jpg
L:\TopoMap\topo50\TotalGreece50\achentrias_059.jpg
1 ,Map Code,
WGS 84,WGS 84,   0.0000,   0.0000,WGS 84
Reserved 1
Reserved 2
Magnetic Variation,,,E
Map Projection,Latitude/Longitude,PolyCal,No,AutoCalOnly,No,BSBUseWPX,No
Point01,xy,    0,    0,in, deg,  34, 59.9336,N,  24, 59.9691,E, grid,   ,           ,           ,N
Point02,xy, 1949,    0,in, deg,  34, 59.9335,N,  25, 14.9691,E, grid,   ,           ,           ,N
Point03,xy, 1949, 2499,in, deg,  34, 44.9333,N,  25, 14.9695,E, grid,   ,           ,           ,N
Point04,xy,    0, 2499,in, deg,  34, 44.9333,N,  24, 59.9692,E, grid,   ,           ,           ,N
Point05,xy,     ,     ,in, deg,    ,        ,N,    ,        ,E, grid,   ,           ,           ,N
Point06,xy,     ,     ,in, deg,    ,        ,N,    ,        ,E, grid,   ,           ,           ,N
Point07,xy,     ,     ,in, deg,    ,        ,N,    ,        ,E, grid,   ,           ,           ,N
Point08,xy,     ,     ,in, deg,    ,        ,N,    ,        ,E, grid,   ,           ,           ,N
Point09,xy,     ,     ,in, deg,    ,        ,N,    ,        ,E, grid,   ,           ,           ,N
Point10,xy,     ,     ,in, deg,    ,        ,,    ,        ,, grid,   ,           ,           ,
Point11,xy,     ,     ,in, deg,    ,        ,,    ,        ,, grid,   ,           ,           ,
Point12,xy,     ,     ,in, deg,    ,        ,,    ,        ,, grid,   ,           ,           ,
Point13,xy,     ,     ,in, deg,    ,        ,,    ,        ,, grid,   ,           ,           ,
Point14,xy,     ,     ,in, deg,    ,        ,,    ,        ,, grid,   ,           ,           ,
Point15,xy,     ,     ,in, deg,    ,        ,,    ,        ,, grid,   ,           ,           ,
Point16,xy,     ,     ,in, deg,    ,        ,,    ,        ,, grid,   ,           ,           ,
Point17,xy,     ,     ,in, deg,    ,        ,,    ,        ,, grid,   ,           ,           ,
Point18,xy,     ,     ,in, deg,    ,        ,,    ,        ,, grid,   ,           ,           ,
Point19,xy,     ,     ,in, deg,    ,        ,,    ,        ,, grid,   ,           ,           ,
Point20,xy,     ,     ,in, deg,    ,        ,,    ,        ,, grid,   ,           ,           ,
Point21,xy,     ,     ,in, deg,    ,        ,,    ,        ,, grid,   ,           ,           ,
Point22,xy,     ,     ,in, deg,    ,        ,,    ,        ,, grid,   ,           ,           ,
Point23,xy,     ,     ,in, deg,    ,        ,,    ,        ,, grid,   ,           ,           ,
Point24,xy,     ,     ,in, deg,    ,        ,,    ,        ,, grid,   ,           ,           ,
Point25,xy,     ,     ,in, deg,    ,        ,,    ,        ,, grid,   ,           ,           ,
Point26,xy,     ,     ,in, deg,    ,        ,,    ,        ,, grid,   ,           ,           ,
Point27,xy,     ,     ,in, deg,    ,        ,,    ,        ,, grid,   ,           ,           ,
Point28,xy,     ,     ,in, deg,    ,        ,,    ,        ,, grid,   ,           ,           ,
Point29,xy,     ,     ,in, deg,    ,        ,,    ,        ,, grid,   ,           ,           ,
Point30,xy,     ,     ,in, deg,    ,        ,,    ,        ,, grid,   ,           ,           ,
Projection Setup,,,,,,,,,,
Map Feature = MF ; Map Comment = MC     These follow if they exist
Track File = TF      These follow if they exist
Moving Map Parameters = MM?    These follow if they exist
MM0,Yes
MMPNUM,4
MMPXY,1,0,0
MMPXY,2,1950,0
MMPXY,3,1950,2500
MMPXY,4,0,2500
MMPLL,1,  24.999484,  34.998893
MMPLL,2,  25.249615,  34.998892
MMPLL,3,  25.249619,  34.748788
MMPLL,4,  24.999488,  34.748789
MM1B,11.725148
MOP,Map Open Position,0,0
IWH,Map Image Width/Height,1950,2500
