OziExplorer Map Data File Version 2.2
Aliverion_029.jpg
L:\TopoMap\topo50\TotalGreece50\aliverion_029.jpg
1 ,Map Code,
EGSA87,WGS 84,   0.0000,   0.0000,WGS 84
Reserved 1
Reserved 2
Magnetic Variation,,,E
Map Projection,(UTM) Universal Transverse Mercator,PolyCal,No,AutoCalOnly,No,BSBUseWPX,No
Point01,xy,    0,    0,in, deg,  38, 29.7813,N,  23, 59.8632,E, grid,   ,           ,           ,N
Point02,xy, 2080,    0,in, deg,  38, 29.7818,N,  24, 15.8630,E, grid,   ,           ,           ,N
Point03,xy, 2080, 2500,in, deg,  38, 14.7825,N,  24, 15.8635,E, grid,   ,           ,           ,N
Point04,xy,    0, 2500,in, deg,  38, 14.7809,N,  23, 59.8637,E, grid,   ,           ,           ,N
Point05,xy,     ,     ,in, deg,    ,        ,N,    ,        ,E, grid,   ,           ,           ,N
Point06,xy,     ,     ,in, deg,    ,        ,N,    ,        ,E, grid,   ,           ,           ,N
Point07,xy,     ,     ,in, deg,    ,        ,N,    ,        ,E, grid,   ,           ,           ,N
Point08,xy,     ,     ,in, deg,    ,        ,N,    ,        ,E, grid,   ,           ,           ,N
Point09,xy,     ,     ,in, deg,    ,        ,N,    ,        ,E, grid,   ,           ,           ,N
Point10,xy,     ,     ,in, deg,    ,        ,N,    ,        ,W, grid,   ,           ,           ,N
Point11,xy,     ,     ,in, deg,    ,        ,N,    ,        ,W, grid,   ,           ,           ,N
Point12,xy,     ,     ,in, deg,    ,        ,N,    ,        ,W, grid,   ,           ,           ,N
Point13,xy,     ,     ,in, deg,    ,        ,N,    ,        ,W, grid,   ,           ,           ,N
Point14,xy,     ,     ,in, deg,    ,        ,N,    ,        ,W, grid,   ,           ,           ,N
Point15,xy,     ,     ,in, deg,    ,        ,N,    ,        ,W, grid,   ,           ,           ,N
Point16,xy,     ,     ,in, deg,    ,        ,N,    ,        ,W, grid,   ,           ,           ,N
Point17,xy,     ,     ,in, deg,    ,        ,N,    ,        ,W, grid,   ,           ,           ,N
Point18,xy,     ,     ,in, deg,    ,        ,N,    ,        ,W, grid,   ,           ,           ,N
Point19,xy,     ,     ,in, deg,    ,        ,N,    ,        ,W, grid,   ,           ,           ,N
Point20,xy,     ,     ,in, deg,    ,        ,N,    ,        ,W, grid,   ,           ,           ,N
Point21,xy,     ,     ,in, deg,    ,        ,N,    ,        ,W, grid,   ,           ,           ,N
Point22,xy,     ,     ,in, deg,    ,        ,N,    ,        ,W, grid,   ,           ,           ,N
Point23,xy,     ,     ,in, deg,    ,        ,N,    ,        ,W, grid,   ,           ,           ,N
Point24,xy,     ,     ,in, deg,    ,        ,N,    ,        ,W, grid,   ,           ,           ,N
Point25,xy,     ,     ,in, deg,    ,        ,N,    ,        ,W, grid,   ,           ,           ,N
Point26,xy,     ,     ,in, deg,    ,        ,N,    ,        ,W, grid,   ,           ,           ,N
Point27,xy,     ,     ,in, deg,    ,        ,N,    ,        ,W, grid,   ,           ,           ,N
Point28,xy,     ,     ,in, deg,    ,        ,N,    ,        ,W, grid,   ,           ,           ,N
Point29,xy,     ,     ,in, deg,    ,        ,N,    ,        ,W, grid,   ,           ,           ,N
Point30,xy,     ,     ,in, deg,    ,        ,N,    ,        ,W, grid,   ,           ,           ,N
Projection Setup,,,,,,,,,,
Map Feature = MF ; Map Comment = MC     These follow if they exist
Track File = TF      These follow if they exist
Moving Map Parameters = MM?    These follow if they exist
MM0,Yes
MMPNUM,4
MMPXY,1,0,0
MMPXY,2,2081,0
MMPXY,3,2081,2501
MMPXY,4,0,2501
MMPLL,1,  23.997489,  38.496360
MMPLL,2,  24.264742,  38.496358
MMPLL,3,  24.264291,  38.246280
MMPLL,4,  23.997958,  38.246243
MM1B,11.202054
MOP,Map Open Position,0,0
IWH,Map Image Width/Height,2081,2501
