OziExplorer Map Data File Version 2.2
Plomarion_305.jpg
L:\TopoMap\topo50\TotalGreece50\plomarion_305.jpg
1 ,Map Code,
WGS 84,WGS 84,   0.0000,   0.0000,WGS 84
Reserved 1
Reserved 2
Magnetic Variation,,,E
Map Projection,Latitude/Longitude,PolyCal,No,AutoCalOnly,No,BSBUseWPX,No
Point01,xy,    0,    0,in, deg,  39, 11.9388,N,  26, 14.9691,E, grid,   ,           ,           ,N
Point02,xy, 1949,    0,in, deg,  39, 11.9389,N,  26, 29.9695,E, grid,   ,           ,           ,N
Point03,xy, 1949, 2499,in, deg,  38, 56.9385,N,  26, 29.9696,E, grid,   ,           ,           ,N
Point04,xy,    0, 2499,in, deg,  38, 56.9384,N,  26, 14.9692,E, grid,   ,           ,           ,N
Point05,xy,     ,     ,in, deg,    ,        ,N,    ,        ,E, grid,   ,           ,           ,N
Point06,xy,     ,     ,in, deg,    ,        ,N,    ,        ,E, grid,   ,           ,           ,N
Point07,xy,     ,     ,in, deg,    ,        ,N,    ,        ,E, grid,   ,           ,           ,N
Point08,xy,     ,     ,in, deg,    ,        ,N,    ,        ,E, grid,   ,           ,           ,N
Point09,xy,     ,     ,in, deg,    ,        ,N,    ,        ,E, grid,   ,           ,           ,N
Point10,xy,     ,     ,in, deg,    ,        ,,    ,        ,, grid,   ,           ,           ,
Point11,xy,     ,     ,in, deg,    ,        ,,    ,        ,, grid,   ,           ,           ,
Point12,xy,     ,     ,in, deg,    ,        ,,    ,        ,, grid,   ,           ,           ,
Point13,xy,     ,     ,in, deg,    ,        ,,    ,        ,, grid,   ,           ,           ,
Point14,xy,     ,     ,in, deg,    ,        ,,    ,        ,, grid,   ,           ,           ,
Point15,xy,     ,     ,in, deg,    ,        ,,    ,        ,, grid,   ,           ,           ,
Point16,xy,     ,     ,in, deg,    ,        ,,    ,        ,, grid,   ,           ,           ,
Point17,xy,     ,     ,in, deg,    ,        ,,    ,        ,, grid,   ,           ,           ,
Point18,xy,     ,     ,in, deg,    ,        ,,    ,        ,, grid,   ,           ,           ,
Point19,xy,     ,     ,in, deg,    ,        ,,    ,        ,, grid,   ,           ,           ,
Point20,xy,     ,     ,in, deg,    ,        ,,    ,        ,, grid,   ,           ,           ,
Point21,xy,     ,     ,in, deg,    ,        ,,    ,        ,, grid,   ,           ,           ,
Point22,xy,     ,     ,in, deg,    ,        ,,    ,        ,, grid,   ,           ,           ,
Point23,xy,     ,     ,in, deg,    ,        ,,    ,        ,, grid,   ,           ,           ,
Point24,xy,     ,     ,in, deg,    ,        ,,    ,        ,, grid,   ,           ,           ,
Point25,xy,     ,     ,in, deg,    ,        ,,    ,        ,, grid,   ,           ,           ,
Point26,xy,     ,     ,in, deg,    ,        ,,    ,        ,, grid,   ,           ,           ,
Point27,xy,     ,     ,in, deg,    ,        ,,    ,        ,, grid,   ,           ,           ,
Point28,xy,     ,     ,in, deg,    ,        ,,    ,        ,, grid,   ,           ,           ,
Point29,xy,     ,     ,in, deg,    ,        ,,    ,        ,, grid,   ,           ,           ,
Point30,xy,     ,     ,in, deg,    ,        ,,    ,        ,, grid,   ,           ,           ,
Projection Setup,,,,,,,,,,
Map Feature = MF ; Map Comment = MC     These follow if they exist
Track File = TF      These follow if they exist
Moving Map Parameters = MM?    These follow if they exist
MM0,Yes
MMPNUM,4
MMPXY,1,0,0
MMPXY,2,1950,0
MMPXY,3,1950,2500
MMPXY,4,0,2500
MMPLL,1,  26.249485,  39.198980
MMPLL,2,  26.499620,  39.198982
MMPLL,3,  26.499622,  38.948875
MMPLL,4,  26.249487,  38.948873
MM1B,11.096064
MOP,Map Open Position,0,0
IWH,Map Image Width/Height,1950,2500
